// Jest Snapshot v1, https://goo.gl/fbAQLP

exports[`minimal usage 1`] = `
Object {
  "Outputs": Object {
    "distributionDomainName": Object {
      "Value": Object {
        "Fn::GetAtt": Array [
          "CloudFrontWebDistributionCFDistribution9F34B88B",
          "DomainName",
        ],
      },
    },
  },
  "Parameters": Object {
    "AssetParameters4cd61014b71160e8c66fe167e43710d5ba068b80b134e9bd84508cf9238b2392ArtifactHashE56CD69A": Object {
      "Description": "Artifact hash for asset \\"4cd61014b71160e8c66fe167e43710d5ba068b80b134e9bd84508cf9238b2392\\"",
      "Type": "String",
    },
    "AssetParameters4cd61014b71160e8c66fe167e43710d5ba068b80b134e9bd84508cf9238b2392S3BucketBF7A7F3F": Object {
      "Description": "S3 bucket for asset \\"4cd61014b71160e8c66fe167e43710d5ba068b80b134e9bd84508cf9238b2392\\"",
      "Type": "String",
    },
    "AssetParameters4cd61014b71160e8c66fe167e43710d5ba068b80b134e9bd84508cf9238b2392S3VersionKeyFAF93626": Object {
      "Description": "S3 key for asset version \\"4cd61014b71160e8c66fe167e43710d5ba068b80b134e9bd84508cf9238b2392\\"",
      "Type": "String",
    },
    "AssetParameters8ccc09a4cf99dcc993e1b282072afcfaa6e35991cfaf99ac3ad20094f9f20c6dArtifactHash293783A3": Object {
      "Description": "Artifact hash for asset \\"8ccc09a4cf99dcc993e1b282072afcfaa6e35991cfaf99ac3ad20094f9f20c6d\\"",
      "Type": "String",
    },
    "AssetParameters8ccc09a4cf99dcc993e1b282072afcfaa6e35991cfaf99ac3ad20094f9f20c6dS3Bucket9F8276B5": Object {
      "Description": "S3 bucket for asset \\"8ccc09a4cf99dcc993e1b282072afcfaa6e35991cfaf99ac3ad20094f9f20c6d\\"",
      "Type": "String",
    },
    "AssetParameters8ccc09a4cf99dcc993e1b282072afcfaa6e35991cfaf99ac3ad20094f9f20c6dS3VersionKeyB0D4C42C": Object {
      "Description": "S3 key for asset version \\"8ccc09a4cf99dcc993e1b282072afcfaa6e35991cfaf99ac3ad20094f9f20c6d\\"",
      "Type": "String",
    },
    "AssetParametersa3507d0bb1956e5e0aeea0d3f2383e9a1583cd09461ab4e686a54b086917f4ccArtifactHash4BFD7DCF": Object {
      "Description": "Artifact hash for asset \\"a3507d0bb1956e5e0aeea0d3f2383e9a1583cd09461ab4e686a54b086917f4cc\\"",
      "Type": "String",
    },
    "AssetParametersa3507d0bb1956e5e0aeea0d3f2383e9a1583cd09461ab4e686a54b086917f4ccS3BucketFC515226": Object {
      "Description": "S3 bucket for asset \\"a3507d0bb1956e5e0aeea0d3f2383e9a1583cd09461ab4e686a54b086917f4cc\\"",
      "Type": "String",
    },
    "AssetParametersa3507d0bb1956e5e0aeea0d3f2383e9a1583cd09461ab4e686a54b086917f4ccS3VersionKey4EC532A3": Object {
      "Description": "S3 key for asset version \\"a3507d0bb1956e5e0aeea0d3f2383e9a1583cd09461ab4e686a54b086917f4cc\\"",
      "Type": "String",
    },
    "AssetParametersc24b999656e4fe6c609c31bae56a1cf4717a405619c3aa6ba1bc686b8c2c86cfArtifactHash85F58E48": Object {
      "Description": "Artifact hash for asset \\"c24b999656e4fe6c609c31bae56a1cf4717a405619c3aa6ba1bc686b8c2c86cf\\"",
      "Type": "String",
    },
    "AssetParametersc24b999656e4fe6c609c31bae56a1cf4717a405619c3aa6ba1bc686b8c2c86cfS3Bucket55EFA30C": Object {
      "Description": "S3 bucket for asset \\"c24b999656e4fe6c609c31bae56a1cf4717a405619c3aa6ba1bc686b8c2c86cf\\"",
      "Type": "String",
    },
    "AssetParametersc24b999656e4fe6c609c31bae56a1cf4717a405619c3aa6ba1bc686b8c2c86cfS3VersionKey60329B70": Object {
      "Description": "S3 key for asset version \\"c24b999656e4fe6c609c31bae56a1cf4717a405619c3aa6ba1bc686b8c2c86cf\\"",
      "Type": "String",
    },
    "AssetParametersd2c8baa20eeb156115e88c857992d932bc9c712f49f1072903b9113f4fcbe5adArtifactHashCD9013AF": Object {
      "Description": "Artifact hash for asset \\"d2c8baa20eeb156115e88c857992d932bc9c712f49f1072903b9113f4fcbe5ad\\"",
      "Type": "String",
    },
    "AssetParametersd2c8baa20eeb156115e88c857992d932bc9c712f49f1072903b9113f4fcbe5adS3Bucket7AF70871": Object {
      "Description": "S3 bucket for asset \\"d2c8baa20eeb156115e88c857992d932bc9c712f49f1072903b9113f4fcbe5ad\\"",
      "Type": "String",
    },
    "AssetParametersd2c8baa20eeb156115e88c857992d932bc9c712f49f1072903b9113f4fcbe5adS3VersionKeyD3DC4FBF": Object {
      "Description": "S3 key for asset version \\"d2c8baa20eeb156115e88c857992d932bc9c712f49f1072903b9113f4fcbe5ad\\"",
      "Type": "String",
    },
    "AssetParameterse9882ab123687399f934da0d45effe675ecc8ce13b40cb946f3e1d6141fe8d68ArtifactHashD9A515C3": Object {
      "Description": "Artifact hash for asset \\"e9882ab123687399f934da0d45effe675ecc8ce13b40cb946f3e1d6141fe8d68\\"",
      "Type": "String",
    },
    "AssetParameterse9882ab123687399f934da0d45effe675ecc8ce13b40cb946f3e1d6141fe8d68S3BucketAEADE8C7": Object {
      "Description": "S3 bucket for asset \\"e9882ab123687399f934da0d45effe675ecc8ce13b40cb946f3e1d6141fe8d68\\"",
      "Type": "String",
    },
    "AssetParameterse9882ab123687399f934da0d45effe675ecc8ce13b40cb946f3e1d6141fe8d68S3VersionKeyE415415F": Object {
      "Description": "S3 key for asset version \\"e9882ab123687399f934da0d45effe675ecc8ce13b40cb946f3e1d6141fe8d68\\"",
      "Type": "String",
    },
  },
  "Resources": Object {
    "CloudFrontWebDistributionCFDistribution9F34B88B": Object {
      "Properties": Object {
        "DistributionConfig": Object {
          "DefaultCacheBehavior": Object {
            "AllowedMethods": Array [
              "GET",
              "HEAD",
            ],
            "CachedMethods": Array [
              "GET",
              "HEAD",
            ],
            "Compress": true,
            "ForwardedValues": Object {
              "Cookies": Object {
                "Forward": "none",
              },
              "QueryString": false,
            },
            "LambdaFunctionAssociations": Array [
              Object {
                "EventType": "origin-request",
                "IncludeBody": false,
                "LambdaFunctionARN": Object {
                  "Ref": "DefaultDirIndexFuncCurrentVersion61C93436e6d30fac3efcd90a0bbd3a1cc0f1af95",
                },
              },
            ],
            "TargetOriginId": "origin1",
            "ViewerProtocolPolicy": "redirect-to-https",
          },
          "DefaultRootObject": "index.html",
          "Enabled": true,
          "HttpVersion": "http2",
          "IPV6Enabled": false,
          "Origins": Array [
            Object {
              "ConnectionAttempts": 3,
              "ConnectionTimeout": 10,
              "DomainName": Object {
                "Fn::GetAtt": Array [
                  "DefaultDirIndexDemoNestedStackDefaultDirIndexDemoNestedStackResource55AA5BD2",
                  "Outputs.demostackDefaultDirIndexDemodemoBucket154941C9RegionalDomainName",
                ],
              },
              "Id": "origin1",
              "S3OriginConfig": Object {
                "OriginAccessIdentity": Object {
                  "Fn::Join": Array [
                    "",
                    Array [
                      "origin-access-identity/cloudfront/",
                      Object {
                        "Fn::GetAtt": Array [
                          "DefaultDirIndexDemoNestedStackDefaultDirIndexDemoNestedStackResource55AA5BD2",
                          "Outputs.demostackDefaultDirIndexDemoOriginAccessIdentityD600ECC8Ref",
                        ],
                      },
                    ],
                  ],
                },
              },
            },
          ],
          "PriceClass": "PriceClass_100",
          "ViewerCertificate": Object {
            "CloudFrontDefaultCertificate": true,
          },
        },
      },
      "Type": "AWS::CloudFront::Distribution",
    },
    "DefaultDirIndexDemoNestedStackDefaultDirIndexDemoNestedStackResource55AA5BD2": Object {
      "DeletionPolicy": "Delete",
      "Properties": Object {
        "Parameters": Object {
          "referencetodemostackAssetParameters4cd61014b71160e8c66fe167e43710d5ba068b80b134e9bd84508cf9238b2392S3BucketBF1D8B9CRef": Object {
            "Ref": "AssetParameters4cd61014b71160e8c66fe167e43710d5ba068b80b134e9bd84508cf9238b2392S3BucketBF7A7F3F",
          },
          "referencetodemostackAssetParameters4cd61014b71160e8c66fe167e43710d5ba068b80b134e9bd84508cf9238b2392S3VersionKey87066E2FRef": Object {
            "Ref": "AssetParameters4cd61014b71160e8c66fe167e43710d5ba068b80b134e9bd84508cf9238b2392S3VersionKeyFAF93626",
          },
          "referencetodemostackAssetParameters8ccc09a4cf99dcc993e1b282072afcfaa6e35991cfaf99ac3ad20094f9f20c6dS3BucketDA2B8AB8Ref": Object {
            "Ref": "AssetParameters8ccc09a4cf99dcc993e1b282072afcfaa6e35991cfaf99ac3ad20094f9f20c6dS3Bucket9F8276B5",
          },
          "referencetodemostackAssetParameters8ccc09a4cf99dcc993e1b282072afcfaa6e35991cfaf99ac3ad20094f9f20c6dS3VersionKey78D04805Ref": Object {
            "Ref": "AssetParameters8ccc09a4cf99dcc993e1b282072afcfaa6e35991cfaf99ac3ad20094f9f20c6dS3VersionKeyB0D4C42C",
          },
          "referencetodemostackAssetParametersc24b999656e4fe6c609c31bae56a1cf4717a405619c3aa6ba1bc686b8c2c86cfS3Bucket24CC697DRef": Object {
            "Ref": "AssetParametersc24b999656e4fe6c609c31bae56a1cf4717a405619c3aa6ba1bc686b8c2c86cfS3Bucket55EFA30C",
          },
          "referencetodemostackAssetParametersc24b999656e4fe6c609c31bae56a1cf4717a405619c3aa6ba1bc686b8c2c86cfS3VersionKey7519508FRef": Object {
            "Ref": "AssetParametersc24b999656e4fe6c609c31bae56a1cf4717a405619c3aa6ba1bc686b8c2c86cfS3VersionKey60329B70",
          },
          "referencetodemostackAssetParameterse9882ab123687399f934da0d45effe675ecc8ce13b40cb946f3e1d6141fe8d68S3Bucket05F403B0Ref": Object {
            "Ref": "AssetParameterse9882ab123687399f934da0d45effe675ecc8ce13b40cb946f3e1d6141fe8d68S3BucketAEADE8C7",
          },
          "referencetodemostackAssetParameterse9882ab123687399f934da0d45effe675ecc8ce13b40cb946f3e1d6141fe8d68S3VersionKey95DC3028Ref": Object {
            "Ref": "AssetParameterse9882ab123687399f934da0d45effe675ecc8ce13b40cb946f3e1d6141fe8d68S3VersionKeyE415415F",
          },
        },
        "TemplateURL": Object {
          "Fn::Join": Array [
            "",
            Array [
              "https://s3.",
              Object {
                "Ref": "AWS::Region",
              },
              ".",
              Object {
                "Ref": "AWS::URLSuffix",
              },
              "/",
              Object {
                "Ref": "AssetParametersa3507d0bb1956e5e0aeea0d3f2383e9a1583cd09461ab4e686a54b086917f4ccS3BucketFC515226",
              },
              "/",
              Object {
                "Fn::Select": Array [
                  0,
                  Object {
                    "Fn::Split": Array [
                      "||",
                      Object {
                        "Ref": "AssetParametersa3507d0bb1956e5e0aeea0d3f2383e9a1583cd09461ab4e686a54b086917f4ccS3VersionKey4EC532A3",
                      },
                    ],
                  },
                ],
              },
              Object {
                "Fn::Select": Array [
                  1,
                  Object {
                    "Fn::Split": Array [
                      "||",
                      Object {
                        "Ref": "AssetParametersa3507d0bb1956e5e0aeea0d3f2383e9a1583cd09461ab4e686a54b086917f4ccS3VersionKey4EC532A3",
                      },
                    ],
                  },
                ],
              },
            ],
          ],
        },
      },
      "Type": "AWS::CloudFormation::Stack",
      "UpdateReplacePolicy": "Delete",
    },
    "DefaultDirIndexFuncCurrentVersion61C93436e6d30fac3efcd90a0bbd3a1cc0f1af95": Object {
      "Properties": Object {
        "FunctionName": Object {
          "Ref": "DefaultDirIndexFuncE3589D1E",
        },
      },
      "Type": "AWS::Lambda::Version",
    },
    "DefaultDirIndexFuncE3589D1E": Object {
      "DependsOn": Array [
        "DefaultDirIndexFuncServiceRole6AB4262B",
      ],
      "Properties": Object {
        "Code": Object {
          "S3Bucket": Object {
            "Ref": "AssetParametersd2c8baa20eeb156115e88c857992d932bc9c712f49f1072903b9113f4fcbe5adS3Bucket7AF70871",
          },
          "S3Key": Object {
            "Fn::Join": Array [
              "",
              Array [
                Object {
                  "Fn::Select": Array [
                    0,
                    Object {
                      "Fn::Split": Array [
                        "||",
                        Object {
                          "Ref": "AssetParametersd2c8baa20eeb156115e88c857992d932bc9c712f49f1072903b9113f4fcbe5adS3VersionKeyD3DC4FBF",
                        },
                      ],
                    },
                  ],
                },
                Object {
                  "Fn::Select": Array [
                    1,
                    Object {
                      "Fn::Split": Array [
                        "||",
                        Object {
                          "Ref": "AssetParametersd2c8baa20eeb156115e88c857992d932bc9c712f49f1072903b9113f4fcbe5adS3VersionKeyD3DC4FBF",
                        },
                      ],
                    },
                  ],
                },
              ],
            ],
          },
        },
        "Handler": "index.handler",
        "Role": Object {
          "Fn::GetAtt": Array [
            "DefaultDirIndexFuncServiceRole6AB4262B",
            "Arn",
          ],
        },
        "Runtime": "nodejs12.x",
      },
      "Type": "AWS::Lambda::Function",
    },
    "DefaultDirIndexFuncServiceRole6AB4262B": Object {
      "Properties": Object {
        "AssumeRolePolicyDocument": Object {
          "Statement": Array [
            Object {
              "Action": "sts:AssumeRole",
              "Effect": "Allow",
              "Principal": Object {
                "Service": "lambda.amazonaws.com",
              },
            },
            Object {
              "Action": "sts:AssumeRole",
              "Effect": "Allow",
              "Principal": Object {
                "Service": "edgelambda.amazonaws.com",
              },
            },
          ],
          "Version": "2012-10-17",
        },
        "ManagedPolicyArns": Array [
          Object {
            "Fn::Join": Array [
              "",
              Array [
                "arn:",
                Object {
                  "Ref": "AWS::Partition",
                },
                ":iam::aws:policy/service-role/AWSLambdaBasicExecutionRole",
              ],
            ],
          },
        ],
      },
      "Type": "AWS::IAM::Role",
    },
  },
}
`;
